f_2b(eta, delta) = (eta*(-delta*(eta - 1) + 2*eta - 1)*(delta*(eta - 1) + delta - 2*eta + 1) - (delta - 1)*(2*eta - 1))/(eta*(delta*(eta - 1) + delta - 2*eta + 1))

df_2b/d eta = (-delta**3*eta**4 + 6*delta**2*eta**4 - 2*delta**2*eta**3 + 2*delta**2*eta**2 - 2*delta**2*eta - 12*delta*eta**4 + 8*delta*eta**3 - 7*delta*eta**2 + 6*delta*eta - delta + 8*eta**4 - 8*eta**3 + 6*eta**2 - 4*eta + 1)/(eta**2*(delta**2*eta**2 - 4*delta*eta**2 + 2*delta*eta + 4*eta**2 - 4*eta + 1))

df_2b/d eta at eta = 1/2  = -delta - 6 + 8/delta

factored: -(delta**2 + 6*delta - 8)/delta

delta values where df_2b/d eta (eta=1/2) = 0:
    delta = -3 + sqrt(17)   ~= 1.1231056256176606

delta_crit = -3 + sqrt(17) = 1.1231056256176606
9/8 = 1.125


Numerical scan over delta in (1, 5/4):
     delta         f_1        f_2a   f_2b(eta=1/2)    f_2b_max  argmax_eta           F
  1.005000    0.502500    0.868580        0.502500    0.868581    0.933564    0.868581
  1.010000    0.505000    0.820009        0.505000    0.820012    0.907973    0.820012
  1.020000    0.510000    0.757209        0.510000    0.757235    0.872697    0.757235
  1.050000    0.525000    0.653361        0.525000    0.653753    0.800931    0.653753
  1.080000    0.540000    0.596363        0.540000    0.598236    0.738438    0.598236
  1.100000    0.550000    0.571338        0.550000    0.575690    0.690256    0.575690
  1.114908    0.557454    0.557454        0.557454    0.565410    0.640781    0.565410
  1.115000    0.557500    0.557379        0.557500    0.565366    0.640435    0.565366
  1.118000    0.559000    0.555013        0.559000    0.564071    0.626584    0.564071
  1.120000    0.560000    0.553509        0.560000    0.563384    0.615761    0.563384
  1.123000    0.561500    0.551361        0.561500    0.562677    0.594705    0.562677
  1.123100    0.561550    0.551292        0.561550    0.562661    0.593845    0.562661
  1.123106    0.561553    0.551288        0.561553    0.562660    0.593789    0.562660
  1.124000    0.562000    0.550674        0.562000    0.562550    0.585019    0.562550
  1.124500    0.562250    0.550335        0.562250    0.562513    0.579003    0.562513
  1.125000    0.562500    0.550000        0.562500    0.562500    0.500000    0.562500
  1.130000    0.565000    0.546837        0.565000    0.565000    0.500000    0.565000
  1.140000    0.570000    0.541500        0.570000    0.570000    0.500000    0.570000
  1.150000    0.575000    0.537410        0.575000    0.575000    0.500000    0.575000
  1.200000    0.600000    0.533867        0.600000    0.600000    0.500000    0.600000
  1.240000    0.620000    0.550290        0.620000    0.620000    0.500000    0.620000

BEST delta found: 1.125
BEST F value    : 0.5625
9/16            : 0.5625

*** No improvement: FPS choice 9/8 is optimal (tied within tolerance) ***
