======================================================================
CASE 1:  alpha = 0,  gamma = delta*(1 - beta)/(2 - beta)
======================================================================
  f_1(beta, delta) = delta*(beta - 1)/(beta - 2)
  max over beta in [0,1]: f_1 = delta/2
  At delta = 9/8: f_1 = 9/16
======================================================================
CASE 2:  gamma = eta*alpha + (1 - eta)*delta  (constraint tight)
======================================================================
  f_2(alpha, eta, delta) = (-alpha*(delta - 1) + (alpha*eta - delta*(eta - 1))*(-alpha*eta + delta*(eta - 1) + delta))/(-alpha*eta + delta*(eta - 1) + delta)
  d/dalpha f_2 = (alpha**2*eta**2 - 2*alpha*delta*eta**2 + delta**2*eta**2 - delta**2 + delta)/(eta*(alpha**2 - 2*alpha*delta + delta**2))
  stationary points alpha*: [-sqrt(delta)*sqrt(delta - 1)/eta + delta, sqrt(delta)*sqrt(delta - 1)/eta + delta]
    candidate alpha*(eta, 9/8) = 3*(3*eta - 1)/(8*eta);  FPS = (9 - 3/eta)/8 = 3*(3*eta - 1)/(8*eta)
    candidate alpha*(eta, 9/8) = 3*(3*eta + 1)/(8*eta);  FPS = (9 - 3/eta)/8 = 3*(3*eta - 1)/(8*eta)
  alpha*(eta, delta) = -sqrt(delta)*sqrt(delta - 1)/eta + delta
  alpha*(eta, 9/8)   = 3*(3*eta - 1)/(8*eta)
  At eta = 5/7, delta = 9/8: alpha* = 3/5  (FPS: 3/4)
======================================================================
CASE 2a:  alpha = alpha*(eta, delta),  eta >= eta_boundary
======================================================================
  f_2a(eta, delta) = -2*delta**(3/2)/sqrt(delta - 1) + 2*sqrt(delta)/sqrt(delta - 1) + delta + delta/eta - 1/eta
  At delta = 9/8: f_2a(eta) = (3*eta + 1)/(8*eta)
  FPS form was (3 + 1/eta)/8.  Check at eta = 5/7:
    FPS:  (3 + 7/5)/8 = 11/20 = 11/20
    Ours: f_2a(5/7, 9/8) = 11/20
  d/d eta f_2a = (1 - delta)/eta**2
  At delta = 9/8: d/d eta f_2a = -1/(8*eta**2)

  Case 2a/2b boundary: alpha*(eta, delta) = 2 - 1/eta
  Solutions for eta_boundary(delta): [(sqrt(delta)*sqrt(delta - 1) - 1)/(delta - 2)]
    eta_boundary(9/8) candidate = 5/7   (FPS gives 5/7)
  eta_boundary(delta) = (sqrt(delta)*sqrt(delta - 1) - 1)/(delta - 2)
  f_2a at the boundary eta = eta_b(delta):
    f_2a(eta_b, delta) = (-delta**(5/2) - delta**(3/2) + 2*sqrt(delta) + delta**2*sqrt(delta - 1) + 2*delta*sqrt(delta - 1) - 2*sqrt(delta - 1))/(-delta**(3/2) + sqrt(delta) + sqrt(delta - 1))
    At delta = 9/8: 11/20  (FPS: 11/20)
  max over Case 2a interval: f_2a = (-delta**(5/2) - delta**(3/2) + 2*sqrt(delta) + delta**2*sqrt(delta - 1) + 2*delta*sqrt(delta - 1) - 2*sqrt(delta - 1))/(-delta**(3/2) + sqrt(delta) + sqrt(delta - 1))  (since f_2a is decreasing in eta)
======================================================================
CASE 2b:  alpha = beta = 2 - 1/eta,  eta in [1/2, eta_boundary)
======================================================================
  f_2b(eta, delta) = (-eta*(delta*(eta - 1) - 2*eta + 1)*(delta*(eta - 1) + delta - 2*eta + 1) - (delta - 1)*(2*eta - 1))/(eta*(delta*(eta - 1) + delta - 2*eta + 1))
  At delta = 9/8: (49*eta**3 - 49*eta**2 + 8*eta - 8)/(8*eta*(7*eta - 8))
  At delta = 9/8, eta = 1/2: 9/16  (FPS: 9/16)
  d/d eta f_2b = (-delta**3*eta**4 + 6*delta**2*eta**4 - 2*delta**2*eta**3 + 2*delta**2*eta**2 - 2*delta**2*eta - 12*delta*eta**4 + 8*delta*eta**3 - 7*delta*eta**2 + 6*delta*eta - delta + 8*eta**4 - 8*eta**3 + 6*eta**2 - 4*eta + 1)/(eta**2*(delta**2*eta**2 - 4*delta*eta**2 + 2*delta*eta + 4*eta**2 - 4*eta + 1))
  At delta = 9/8: d/d eta f_2b = (343*eta**4 - 784*eta**3 + 336*eta**2 + 112*eta - 64)/(8*eta**2*(49*eta**2 - 112*eta + 64))
  f_2b(eta = 1/2, delta) = delta/2
  max over Case 2b interval: f_2b = delta/2  (assuming decreasing in eta)
======================================================================
OVERALL F(delta) = max(f_1, f_2a, f_2b) and the optimal delta
======================================================================
  f_1 (delta)     = delta/2
  f_2a(delta)     = (-delta**(5/2) - delta**(3/2) + 2*sqrt(delta) + delta**2*sqrt(delta - 1) + 2*delta*sqrt(delta - 1) - 2*sqrt(delta - 1))/(-delta**(3/2) + sqrt(delta) + sqrt(delta - 1))
  f_2b(delta)     = delta/2

  Sanity check at delta = 9/8:
    f_1(9/8) = 9/16
    f_2a(9/8) = 11/20
    f_2b(9/8) = 9/16

  Equalising f_1(delta) = f_2a(delta):
    delta = [4/3, -1 + 4/(3*(1/2 + sqrt(687)*I/18)**(1/3)) + (1/2 + sqrt(687)*I/18)**(1/3)]
  Equalising f_2b(delta) = f_2a(delta):
    delta = [4/3, -1 + 4/(3*(1/2 + sqrt(687)*I/18)**(1/3)) + (1/2 + sqrt(687)*I/18)**(1/3)]

  Numerical scan: F(delta) on a grid (delta >= 1 required by sqrt(delta-1))
       delta         f_1        f_2a        f_2b           F
      1.0010    0.500500    0.938754    0.500500    0.938754
      1.0100    0.505000    0.820009    0.505000    0.820009
      1.0500    0.525000    0.653361    0.525000    0.653361
      1.0800    0.540000    0.596363    0.540000    0.596363
      1.1000    0.550000    0.571338    0.550000    0.571338
      1.1250    0.562500    0.550000    0.562500    0.562500
      1.1500    0.575000    0.537410    0.575000    0.575000
      1.2000    0.600000    0.533867    0.600000    0.600000
      1.2500    0.625000    0.557152    0.625000    0.625000
      1.3000    0.650000    0.610254    0.650000    0.650000
      1.3333    0.666667    0.666667    0.666667    0.666667
      1.5000    0.750000    1.633975    0.750000    1.633975

  Asymptotic behaviour as delta -> 1+:
    lim f_1(delta)  = 1/2
    lim f_2a(delta) = 1
    lim f_2b(delta) = 1/2

  d/d delta f_2a = (-delta**(7/2)*sqrt(delta - 1) - delta**(3/2)*sqrt(delta - 1) + 2*sqrt(delta)*sqrt(delta - 1) + delta**4 - delta**3/2 + delta**2 - 7*delta/2 + 2)/(-delta**(7/2)*sqrt(delta - 1) + 2*delta**(5/2)*sqrt(delta - 1) - 2*delta**(3/2)*sqrt(delta - 1) + sqrt(delta)*sqrt(delta - 1) + 2*delta**3 - 4*delta**2 + 2*delta)
  Sign of d/d delta f_2a at delta = 9/8: -0.666667  (positive => f_2a increasing in delta)

  Fine scan around delta = 9/8 = 1.125:
         delta         f_1        f_2a           F     binding
        1.1000    0.550000    0.571338    0.571338        f_2a
        1.1050    0.552500    0.566272    0.566272        f_2a
        1.1100    0.555000    0.561627    0.561627        f_2a
        1.1150    0.557500    0.557379    0.557500    f_1=f_2b
        1.1200    0.560000    0.553509    0.560000    f_1=f_2b
        1.1250    0.562500    0.550000    0.562500    f_1=f_2b
        1.1300    0.565000    0.546837    0.565000    f_1=f_2b
        1.1350    0.567500    0.544008    0.567500    f_1=f_2b
        1.1400    0.570000    0.541500    0.570000    f_1=f_2b
        1.1450    0.572500    0.539304    0.572500    f_1=f_2b
        1.1500    0.575000    0.537410    0.575000    f_1=f_2b

  Best delta in fine scan: 1.1150  with F = 0.557500

  Numerical root-find of delta/2 = f_2a(delta) near 1.125:
    crossover delta* = 1.11490754147675579851561406071
    F(delta*)        = 0.5574537707
    Compare 9/16     = 0.5625000000
    Compare 11/20    = 0.5500000000

  Symbolic attempt: rationalise the equation delta/2 = f_2a(delta) and solve.
    Equation: 2*f_2a - delta = (-2*delta**(13/2)*sqrt(delta - 1) - 4*delta**(11/2)*sqrt(delta - 1) + 10*delta**(9/2)*sqrt(delta - 1) + 10*delta**(7/2)*sqrt(delta - 1) - 16*delta**(5/2)*sqrt(delta - 1) + 10*delta**(3/2)*sqrt(delta - 1) - 8*sqrt(delta)*sqrt(delta - 1) + delta**7 + 2*delta**6 - 8*delta**5 - 4*delta**4 + 18*delta**3 - 16*delta**2 + 11*delta - 4)/(delta**6 - 4*delta**4 + 2*delta**3 + 1)

  All real roots of f_1(delta) = f_2a(delta) in [1, 2]:
    delta = 1.1149075415  (f_1 = f_2a = 0.5574537707)
    delta = 1.3333333333  (f_1 = f_2a = 0.6666666667)
    delta = 1.6180339887  (f_1 = f_2a = 0.8090169944)

  KEY: the minimum of F(delta) = max(delta/2, f_2a(delta)) is at the
  smaller of these roots, since f_2a is decreasing then increasing.

======================================================================
VERDICT
======================================================================
  F(9/8)  = 9/16   = 0.562500
  F(11/10) = 1069/890 - 169*sqrt(11)/890  = 0.571338
  delta = 11/10 is WORSE.
