f_2b(eta = 4/7, delta) = 3*(16*delta**2 - 15*delta + 15)/(28*(4*delta - 1))

f_2b(4/7, delta) - 9/16 =
3*(64*delta**2 - 144*delta + 81)/(112*(4*delta - 1))

factored:
3*(8*delta - 9)**2/(112*(4*delta - 1))

f_2b(s, delta) = (-delta**2*s + delta**2 - delta*s**3 + 5*delta*s**2 - 4*delta*s + s**3 - 5*s**2 + 4*s)/(-delta*s + 2*delta + s**2 - 2*s)

f_2b(s, delta) - 9/16 =
(16*delta**2*s - 16*delta**2 + 16*delta*s**3 - 80*delta*s**2 + 55*delta*s + 18*delta - 16*s**3 + 89*s**2 - 82*s)/(16*(delta*s - 2*delta - s**2 + 2*s))
factored:
-(16*delta**2*s - 16*delta**2 + 16*delta*s**3 - 80*delta*s**2 + 55*delta*s + 18*delta - 16*s**3 + 89*s**2 - 82*s)/(16*(-delta + s)*(s - 2))

At s = 1/4:
  f_2b(s=1/4, delta) - 9/16 = 3*(64*delta**2 - 144*delta + 81)/(112*(4*delta - 1))
  factored: 3*(8*delta - 9)**2/(112*(4*delta - 1))

P(s, delta) := -16*delta**2*s + 16*delta**2 - 16*delta*s**3 + 80*delta*s**2 - 55*delta*s - 18*delta + 16*s**3 - 89*s**2 + 82*s

P(1/4, delta) = 12*delta**2 - 27*delta + 243/16
factored: 3*(8*delta - 9)**2/16

P(0, delta) = 16*delta**2 - 18*delta
factored: 2*delta*(8*delta - 9)

P(s, 9/8) = -s*(4*s - 1)**2/8

eta_b(delta) = 4/7  at  delta = [41/66 + 7*sqrt(37)/66]

Numerical check of f_2b(4/7, delta) > 9/16 on (1, 9/8):
     delta    witness value        predicted          F bound
   1.01000     0.5699577068     0.5699577068     0.5699577068
   1.05000     0.5655133929     0.5655133929     0.5655133929
   1.10000     0.5628151261     0.5628151261     0.5628151261
   1.11500     0.5625495458     0.5625495458     0.5625495458
   1.12000     0.5625123153     0.5625123153     0.5625123153
   1.12300     0.5625019637     0.5625019637     0.5625019637
   1.12400     0.5625004904     0.5625004904     0.5625004904
   1.12490     0.5625000049     0.5625000049     0.5625000049
   1.12500     0.5625000000     0.5625000000     0.5625000000  *** =9/16
   1.13000     0.5625121753     0.5625121753     0.5650000000
   1.20000     0.5650375940     0.5650375940     0.6000000000
