# L_5 scan: 225 cap triples (product<=27), max_cap=26
caps=(1, 1, 1) product=1 clauses=4753486 UNSAT 5.5s
caps=(1, 1, 2) product=2 clauses=4763287 UNSAT 5.5s
caps=(1, 2, 1) product=2 clauses=4763287 UNSAT 5.5s
caps=(2, 1, 1) product=2 clauses=4763287 UNSAT 5.4s
caps=(1, 1, 3) product=3 clauses=4773331 UNSAT 5.6s
caps=(1, 3, 1) product=3 clauses=4773331 UNSAT 5.5s
caps=(3, 1, 1) product=3 clauses=4773331 UNSAT 5.5s
caps=(1, 1, 4) product=4 clauses=4783375 UNSAT 5.4s
caps=(1, 2, 2) product=4 clauses=4773088 UNSAT 5.6s
caps=(1, 4, 1) product=4 clauses=4783375 UNSAT 5.7s
caps=(2, 1, 2) product=4 clauses=4773088 UNSAT 5.5s
caps=(2, 2, 1) product=4 clauses=4773088 UNSAT 5.6s
caps=(4, 1, 1) product=4 clauses=4783375 UNSAT 5.6s
caps=(1, 1, 5) product=5 clauses=4793419 UNSAT 5.5s
caps=(1, 5, 1) product=5 clauses=4793419 UNSAT 5.6s
caps=(5, 1, 1) product=5 clauses=4793419 UNSAT 5.6s
caps=(1, 1, 6) product=6 clauses=4803463 UNSAT 5.6s
caps=(1, 2, 3) product=6 clauses=4783132 UNSAT 5.6s
caps=(1, 3, 2) product=6 clauses=4783132 UNSAT 5.6s
caps=(1, 6, 1) product=6 clauses=4803463 UNSAT 5.5s
caps=(2, 1, 3) product=6 clauses=4783132 UNSAT 5.7s
caps=(2, 3, 1) product=6 clauses=4783132 UNSAT 5.7s
caps=(3, 1, 2) product=6 clauses=4783132 UNSAT 5.5s
caps=(3, 2, 1) product=6 clauses=4783132 UNSAT 5.6s
caps=(6, 1, 1) product=6 clauses=4803463 UNSAT 5.5s
caps=(1, 1, 7) product=7 clauses=4813507 UNSAT 5.7s
caps=(1, 7, 1) product=7 clauses=4813507 UNSAT 5.6s
caps=(7, 1, 1) product=7 clauses=4813507 UNSAT 5.4s
caps=(1, 1, 8) product=8 clauses=4823551 UNSAT 5.7s
caps=(1, 2, 4) product=8 clauses=4793176 UNSAT 5.6s
caps=(1, 4, 2) product=8 clauses=4793176 UNSAT 5.7s
caps=(1, 8, 1) product=8 clauses=4823551 UNSAT 5.6s
caps=(2, 1, 4) product=8 clauses=4793176 UNSAT 5.5s
caps=(2, 2, 2) product=8 clauses=4782889 UNSAT 6.0s
caps=(2, 4, 1) product=8 clauses=4793176 UNSAT 5.7s
caps=(4, 1, 2) product=8 clauses=4793176 UNSAT 5.5s
caps=(4, 2, 1) product=8 clauses=4793176 UNSAT 5.5s
caps=(8, 1, 1) product=8 clauses=4823551 UNSAT 5.5s
caps=(1, 1, 9) product=9 clauses=4833595 UNSAT 5.7s
caps=(1, 3, 3) product=9 clauses=4793176 UNSAT 5.6s
caps=(1, 9, 1) product=9 clauses=4833595 UNSAT 5.5s
caps=(3, 1, 3) product=9 clauses=4793176 UNSAT 5.7s
caps=(3, 3, 1) product=9 clauses=4793176 UNSAT 5.5s
caps=(9, 1, 1) product=9 clauses=4833595 UNSAT 5.5s
caps=(1, 1, 10) product=10 clauses=4843639 UNSAT 5.6s
caps=(1, 2, 5) product=10 clauses=4803220 UNSAT 5.5s
caps=(1, 5, 2) product=10 clauses=4803220 UNSAT 5.6s
caps=(1, 10, 1) product=10 clauses=4843639 UNSAT 5.5s
caps=(2, 1, 5) product=10 clauses=4803220 UNSAT 5.8s
caps=(2, 5, 1) product=10 clauses=4803220 UNSAT 5.4s
caps=(5, 1, 2) product=10 clauses=4803220 UNSAT 5.7s
caps=(5, 2, 1) product=10 clauses=4803220 UNSAT 5.5s
caps=(10, 1, 1) product=10 clauses=4843639 UNSAT 5.6s
caps=(1, 1, 11) product=11 clauses=4853683 UNSAT 5.6s
caps=(1, 11, 1) product=11 clauses=4853683 UNSAT 5.6s
caps=(11, 1, 1) product=11 clauses=4853683 UNSAT 5.5s
caps=(1, 1, 12) product=12 clauses=4863727 UNSAT 5.6s
caps=(1, 2, 6) product=12 clauses=4813264 UNSAT 5.6s
caps=(1, 3, 4) product=12 clauses=4803220 UNSAT 5.7s
caps=(1, 4, 3) product=12 clauses=4803220 UNSAT 5.7s
caps=(1, 6, 2) product=12 clauses=4813264 UNSAT 5.8s
caps=(1, 12, 1) product=12 clauses=4863727 UNSAT 5.9s
caps=(2, 1, 6) product=12 clauses=4813264 UNSAT 6.2s
caps=(2, 2, 3) product=12 clauses=4792933 UNSAT 9.9s
caps=(2, 3, 2) product=12 clauses=4792933 UNSAT 9.7s
caps=(2, 6, 1) product=12 clauses=4813264 UNSAT 5.8s
caps=(3, 1, 4) product=12 clauses=4803220 UNSAT 5.8s
caps=(3, 2, 2) product=12 clauses=4792933 UNSAT 8.8s
caps=(3, 4, 1) product=12 clauses=4803220 UNSAT 5.8s
caps=(4, 1, 3) product=12 clauses=4803220 UNSAT 5.5s
caps=(4, 3, 1) product=12 clauses=4803220 UNSAT 5.6s
caps=(6, 1, 2) product=12 clauses=4813264 UNSAT 5.7s
caps=(6, 2, 1) product=12 clauses=4813264 UNSAT 5.6s
caps=(12, 1, 1) product=12 clauses=4863727 UNSAT 5.5s
caps=(1, 1, 13) product=13 clauses=4873771 UNSAT 5.7s
caps=(1, 13, 1) product=13 clauses=4873771 UNSAT 5.6s
caps=(13, 1, 1) product=13 clauses=4873771 UNSAT 5.6s
caps=(1, 1, 14) product=14 clauses=4883815 UNSAT 5.8s
caps=(1, 2, 7) product=14 clauses=4823308 UNSAT 5.7s
caps=(1, 7, 2) product=14 clauses=4823308 UNSAT 5.8s
caps=(1, 14, 1) product=14 clauses=4883815 UNSAT 5.8s
caps=(2, 1, 7) product=14 clauses=4823308 UNSAT 5.7s
caps=(2, 7, 1) product=14 clauses=4823308 UNSAT 5.6s
caps=(7, 1, 2) product=14 clauses=4823308 UNSAT 5.7s
caps=(7, 2, 1) product=14 clauses=4823308 UNSAT 5.8s
caps=(14, 1, 1) product=14 clauses=4883815 UNSAT 5.6s
caps=(1, 1, 15) product=15 clauses=4893859 UNSAT 5.5s
caps=(1, 3, 5) product=15 clauses=4813264 UNSAT 5.8s
caps=(1, 5, 3) product=15 clauses=4813264 UNSAT 5.8s
caps=(1, 15, 1) product=15 clauses=4893859 UNSAT 5.6s
caps=(3, 1, 5) product=15 clauses=4813264 UNSAT 5.5s
caps=(3, 5, 1) product=15 clauses=4813264 UNSAT 5.9s
caps=(5, 1, 3) product=15 clauses=4813264 UNSAT 5.8s
caps=(5, 3, 1) product=15 clauses=4813264 UNSAT 5.7s
caps=(15, 1, 1) product=15 clauses=4893859 UNSAT 5.5s
caps=(1, 1, 16) product=16 clauses=4903903 UNSAT 5.5s
caps=(1, 2, 8) product=16 clauses=4833352 UNSAT 5.8s
caps=(1, 4, 4) product=16 clauses=4813264 UNSAT 5.6s
caps=(1, 8, 2) product=16 clauses=4833352 UNSAT 5.6s
caps=(1, 16, 1) product=16 clauses=4903903 UNSAT 5.6s
caps=(2, 1, 8) product=16 clauses=4833352 UNSAT 5.8s
caps=(2, 2, 4) product=16 clauses=4802977 UNSAT 12.4s
caps=(2, 4, 2) product=16 clauses=4802977 UNSAT 15.2s
caps=(2, 8, 1) product=16 clauses=4833352 UNSAT 5.7s
caps=(4, 1, 4) product=16 clauses=4813264 UNSAT 5.8s
caps=(4, 2, 2) product=16 clauses=4802977 UNSAT 13.2s
caps=(4, 4, 1) product=16 clauses=4813264 UNSAT 6.0s
caps=(8, 1, 2) product=16 clauses=4833352 UNSAT 5.8s
caps=(8, 2, 1) product=16 clauses=4833352 UNSAT 5.6s
caps=(16, 1, 1) product=16 clauses=4903903 UNSAT 5.9s
caps=(1, 1, 17) product=17 clauses=4913947 UNSAT 5.9s
caps=(1, 17, 1) product=17 clauses=4913947 UNSAT 5.7s
caps=(17, 1, 1) product=17 clauses=4913947 UNSAT 5.8s
caps=(1, 1, 18) product=18 clauses=4923991 UNSAT 5.9s
caps=(1, 2, 9) product=18 clauses=4843396 UNSAT 5.9s
caps=(1, 3, 6) product=18 clauses=4823308 UNSAT 6.0s
caps=(1, 6, 3) product=18 clauses=4823308 UNSAT 5.9s
caps=(1, 9, 2) product=18 clauses=4843396 UNSAT 5.8s
caps=(1, 18, 1) product=18 clauses=4923991 UNSAT 5.7s
caps=(2, 1, 9) product=18 clauses=4843396 UNSAT 6.1s
caps=(2, 3, 3) product=18 clauses=4802977 UNSAT 40.8s
caps=(2, 9, 1) product=18 clauses=4843396 UNSAT 5.8s
caps=(3, 1, 6) product=18 clauses=4823308 UNSAT 5.8s
caps=(3, 2, 3) product=18 clauses=4802977 UNSAT 45.7s
caps=(3, 3, 2) product=18 clauses=4802977 UNSAT 42.3s
caps=(3, 6, 1) product=18 clauses=4823308 UNSAT 6.1s
caps=(6, 1, 3) product=18 clauses=4823308 UNSAT 6.1s
caps=(6, 3, 1) product=18 clauses=4823308 UNSAT 6.1s
caps=(9, 1, 2) product=18 clauses=4843396 UNSAT 5.9s
caps=(9, 2, 1) product=18 clauses=4843396 UNSAT 5.7s
caps=(18, 1, 1) product=18 clauses=4923991 UNSAT 5.7s
caps=(1, 1, 19) product=19 clauses=4934035 UNSAT 5.7s
caps=(1, 19, 1) product=19 clauses=4934035 UNSAT 5.7s
caps=(19, 1, 1) product=19 clauses=4934035 UNSAT 5.9s
caps=(1, 1, 20) product=20 clauses=4944079 UNSAT 5.8s
caps=(1, 2, 10) product=20 clauses=4853440 UNSAT 5.7s
caps=(1, 4, 5) product=20 clauses=4823308 UNSAT 6.2s
caps=(1, 5, 4) product=20 clauses=4823308 UNSAT 6.1s
caps=(1, 10, 2) product=20 clauses=4853440 UNSAT 5.8s
caps=(1, 20, 1) product=20 clauses=4944079 UNSAT 5.8s
caps=(2, 1, 10) product=20 clauses=4853440 UNSAT 6.0s
caps=(2, 2, 5) product=20 clauses=4813021 UNSAT 31.4s
caps=(2, 5, 2) product=20 clauses=4813021 UNSAT 31.9s
caps=(2, 10, 1) product=20 clauses=4853440 UNSAT 5.8s
caps=(4, 1, 5) product=20 clauses=4823308 UNSAT 6.3s
caps=(4, 5, 1) product=20 clauses=4823308 UNSAT 6.2s
caps=(5, 1, 4) product=20 clauses=4823308 UNSAT 6.1s
caps=(5, 2, 2) product=20 clauses=4813021 UNSAT 31.2s
caps=(5, 4, 1) product=20 clauses=4823308 UNSAT 6.5s
caps=(10, 1, 2) product=20 clauses=4853440 UNSAT 5.7s
caps=(10, 2, 1) product=20 clauses=4853440 UNSAT 5.8s
caps=(20, 1, 1) product=20 clauses=4944079 UNSAT 5.9s
caps=(1, 1, 21) product=21 clauses=4954123 UNSAT 5.6s
caps=(1, 3, 7) product=21 clauses=4833352 UNSAT 6.2s
caps=(1, 7, 3) product=21 clauses=4833352 UNSAT 6.8s
caps=(1, 21, 1) product=21 clauses=4954123 UNSAT 6.1s
caps=(3, 1, 7) product=21 clauses=4833352 UNSAT 6.6s
caps=(3, 7, 1) product=21 clauses=4833352 UNSAT 7.0s
caps=(7, 1, 3) product=21 clauses=4833352 UNSAT 6.5s
caps=(7, 3, 1) product=21 clauses=4833352 UNSAT 6.6s
caps=(21, 1, 1) product=21 clauses=4954123 UNSAT 6.1s
caps=(1, 1, 22) product=22 clauses=4964167 UNSAT 6.0s
caps=(1, 2, 11) product=22 clauses=4863484 UNSAT 6.4s
caps=(1, 11, 2) product=22 clauses=4863484 UNSAT 6.2s
caps=(1, 22, 1) product=22 clauses=4964167 UNSAT 6.0s
caps=(2, 1, 11) product=22 clauses=4863484 UNSAT 6.6s
caps=(2, 11, 1) product=22 clauses=4863484 UNSAT 6.3s
caps=(11, 1, 2) product=22 clauses=4863484 UNSAT 6.2s
caps=(11, 2, 1) product=22 clauses=4863484 UNSAT 6.2s
caps=(22, 1, 1) product=22 clauses=4964167 UNSAT 6.3s
caps=(1, 1, 23) product=23 clauses=4974211 UNSAT 6.2s
caps=(1, 23, 1) product=23 clauses=4974211 UNSAT 5.9s
caps=(23, 1, 1) product=23 clauses=4974211 UNSAT 5.6s
caps=(1, 1, 24) product=24 clauses=4984255 UNSAT 5.9s
caps=(1, 2, 12) product=24 clauses=4873528 UNSAT 6.4s
caps=(1, 3, 8) product=24 clauses=4843396 UNSAT 6.4s
caps=(1, 4, 6) product=24 clauses=4833352 UNSAT 6.2s
caps=(1, 6, 4) product=24 clauses=4833352 UNSAT 6.4s
caps=(1, 8, 3) product=24 clauses=4843396 UNSAT 6.5s
caps=(1, 12, 2) product=24 clauses=4873528 UNSAT 6.1s
caps=(1, 24, 1) product=24 clauses=4984255 UNSAT 5.7s
caps=(2, 1, 12) product=24 clauses=4873528 UNSAT 6.5s
caps=(2, 2, 6) product=24 clauses=4823065 UNSAT 97.5s
caps=(2, 3, 4) product=24 clauses=4813021 SAT 8.5s

*** L_5 = 24  (first SAT at caps=(2, 3, 4), witness len 243) ***
# total 1385.1s
