  ...2000 classes, 0 exact, 1s, crit=0
  ...4000 classes, 0 exact, 3s, crit=0
  ...6000 classes, 3 exact, 6s, crit=0
  ...8000 classes, 3 exact, 7s, crit=0
  ...10000 classes, 5 exact, 10s, crit=0
  ...12000 classes, 6 exact, 11s, crit=0
  ...14000 classes, 8 exact, 14s, crit=0
  ...16000 classes, 8 exact, 15s, crit=0
  ...18000 classes, 8 exact, 19s, crit=0
  ...20000 classes, 9 exact, 22s, crit=0
  ...22000 classes, 17 exact, 30s, crit=0
  ...24000 classes, 22 exact, 33s, crit=0
  !! slow class #25486: 20.2s crit=True
  !! slow class #25505: 19.7s crit=True
  !! slow class #25509: 19.2s crit=True
  ...26000 classes, 29 exact, 101s, crit=3
  !! slow class #26244: 18.9s crit=True
  !! slow class #26256: 18.1s crit=True
  !! slow class #26295: 18.4s crit=True
  ...28000 classes, 148 exact, 173s, crit=14
  ...30000 classes, 166 exact, 177s, crit=18
  ...32000 classes, 169 exact, 180s, crit=18
  ...34000 classes, 230 exact, 192s, crit=31
  ...36000 classes, 230 exact, 195s, crit=31
  ...38000 classes, 230 exact, 199s, crit=31
  ...40000 classes, 230 exact, 203s, crit=31
  ...42000 classes, 230 exact, 206s, crit=31
  ...44000 classes, 230 exact, 208s, crit=31
  ...46000 classes, 230 exact, 209s, crit=31
  ...48000 classes, 236 exact, 214s, crit=31
  ...50000 classes, 249 exact, 218s, crit=33
  ...52000 classes, 259 exact, 221s, crit=37
  ...54000 classes, 264 exact, 225s, crit=37
  ...56000 classes, 267 exact, 226s, crit=37
  ...58000 classes, 288 exact, 231s, crit=37
  ...60000 classes, 288 exact, 234s, crit=37
  ...62000 classes, 288 exact, 239s, crit=37
  ...64000 classes, 288 exact, 241s, crit=37
  ...66000 classes, 290 exact, 245s, crit=38
  ...68000 classes, 290 exact, 246s, crit=38
  ...70000 classes, 290 exact, 249s, crit=38
  ...72000 classes, 290 exact, 251s, crit=38
  ...74000 classes, 290 exact, 255s, crit=38
  ...76000 classes, 299 exact, 268s, crit=40
  ...78000 classes, 308 exact, 277s, crit=41
  ...80000 classes, 409 exact, 297s, crit=42
  ...82000 classes, 418 exact, 301s, crit=44
  ...84000 classes, 424 exact, 304s, crit=47
  ...86000 classes, 440 exact, 312s, crit=55
  ...88000 classes, 442 exact, 316s, crit=55
  ...90000 classes, 450 exact, 322s, crit=57
  ...92000 classes, 450 exact, 325s, crit=57
  ...94000 classes, 452 exact, 332s, crit=57
  ...96000 classes, 453 exact, 336s, crit=57
  ...98000 classes, 453 exact, 340s, crit=57
  ...100000 classes, 560 exact, 361s, crit=61
  ...102000 classes, 570 exact, 375s, crit=65
  ...104000 classes, 583 exact, 383s, crit=72
  ...106000 classes, 590 exact, 395s, crit=73
  ...108000 classes, 598 exact, 402s, crit=77
  ...110000 classes, 600 exact, 407s, crit=77
  ...112000 classes, 615 exact, 415s, crit=87
  ...114000 classes, 616 exact, 421s, crit=88
  ...116000 classes, 616 exact, 424s, crit=88
  ...118000 classes, 620 exact, 430s, crit=88
  ...120000 classes, 620 exact, 432s, crit=88
  ...122000 classes, 620 exact, 435s, crit=88
  ...124000 classes, 627 exact, 442s, crit=91
  ...126000 classes, 646 exact, 457s, crit=101
  ...128000 classes, 668 exact, 464s, crit=118
  ...130000 classes, 701 exact, 470s, crit=118
  ...132000 classes, 715 exact, 479s, crit=121
  ...134000 classes, 715 exact, 481s, crit=121
  ...136000 classes, 733 exact, 490s, crit=131
  ...138000 classes, 759 exact, 499s, crit=147
  ...140000 classes, 839 exact, 512s, crit=148
  ...142000 classes, 853 exact, 521s, crit=153
  ...144000 classes, 908 exact, 534s, crit=163
  ...146000 classes, 908 exact, 538s, crit=163
  ...148000 classes, 909 exact, 544s, crit=163
  ...150000 classes, 912 exact, 549s, crit=163
  ...152000 classes, 917 exact, 554s, crit=163
  ...154000 classes, 919 exact, 556s, crit=163
  ...156000 classes, 924 exact, 560s, crit=163
  ...158000 classes, 926 exact, 565s, crit=163
  ...160000 classes, 935 exact, 572s, crit=170
  ...162000 classes, 940 exact, 576s, crit=170
  ...164000 classes, 964 exact, 583s, crit=189
  ...166000 classes, 966 exact, 593s, crit=189
  ...168000 classes, 974 exact, 607s, crit=190
  ...170000 classes, 974 exact, 611s, crit=190
  ...172000 classes, 975 exact, 615s, crit=190
  ...174000 classes, 982 exact, 627s, crit=191
  ...176000 classes, 993 exact, 634s, crit=195
  ...178000 classes, 995 exact, 645s, crit=196
  ...180000 classes, 1062 exact, 663s, crit=212
  ...182000 classes, 1062 exact, 667s, crit=212
  ...184000 classes, 1069 exact, 679s, crit=214
  ...186000 classes, 1144 exact, 694s, crit=241
  ...188000 classes, 1144 exact, 698s, crit=241
  ...190000 classes, 1145 exact, 706s, crit=241
{
  "n": 9,
  "k": 3,
  "n_iso_classes": 191536,
  "n_exact_solves": 1146,
  "omega_vec_histogram": {
    "1": 1,
    "2": 190389,
    "3": 1146
  },
  "num_k_critical_iso": 241,
  "num_whole_tournament_k_critical_iso": 241,
  "whole_tournament_present": true,
  "critical_examples": [
    {
      "arcs": [
        [
          0,
          1
        ],
        [
          0,
          2
        ],
        [
          0,
          3
        ],
        [
          4,
          0
        ],
        [
          0,
          5
        ],
        [
          6,
          0
        ],
        [
          7,
          0
        ],
        [
          8,
          0
        ],
        [
          1,
          2
        ],
        [
          1,
          3
        ],
        [
          1,
          4
        ],
        [
          5,
          1
        ],
        [
          6,
          1
        ],
        [
          1,
          7
        ],
        [
          8,
          1
        ],
        [
          2,
          3
        ],
        [
          2,
          4
        ],
        [
          2,
          5
        ],
        [
          2,
          6
        ],
        [
          7,
          2
        ],
        [
          2,
          8
        ],
        [
          3,
          4
        ],
        [
          3,
          5
        ],
        [
          3,
          6
        ],
        [
          3,
          7
        ],
        [
          3,
          8
        ],
        [
          4,
          5
        ],
        [
          4,
          6
        ],
        [
          7,
          4
        ],
        [
          8,
          4
        ],
        [
          5,
          6
        ],
        [
          5,
          7
        ],
        [
          5,
          8
        ],
        [
          6,
          7
        ],
        [
          6,
          8
        ],
        [
          7,
          8
        ]
      ],
      "min_cert_order": 9
    },
    {
      "arcs": [
        [
          0,
          1
        ],
        [
          0,
          2
        ],
        [
          0,
          3
        ],
        [
          4,
          0
        ],
        [
          0,
          5
        ],
        [
          6,
          0
        ],
        [
          7,
          0
        ],
        [
          8,
          0
        ],
        [
          1,
          2
        ],
        [
          1,
          3
        ],
        [
          1,
          4
        ],
        [
          5,
          1
        ],
        [
          6,
          1
        ],
        [
          1,
          7
        ],
        [
          1,
          8
        ],
        [
          2,
          3
        ],
        [
          2,
          4
        ],
        [
          2,
          5
        ],
        [
          2,
          6
        ],
        [
          7,
          2
        ],
        [
          2,
          8
        ],
        [
          3,
          4
        ],
        [
          3,
          5
        ],
        [
          3,
          6
        ],
        [
          3,
          7
        ],
        [
          8,
          3
        ],
        [
          4,
          5
        ],
        [
          4,
          6
        ],
        [
          7,
          4
        ],
        [
          4,
          8
        ],
        [
          5,
          6
        ],
        [
          5,
          7
        ],
        [
          5,
          8
        ],
        [
          6,
          7
        ],
        [
          8,
          6
        ],
        [
          7,
          8
        ]
      ],
      "min_cert_order": 9
    },
    {
      "arcs": [
        [
          0,
          1
        ],
        [
          0,
          2
        ],
        [
          0,
          3
        ],
        [
          4,
          0
        ],
        [
          0,
          5
        ],
        [
          6,
          0
        ],
        [
          7,
          0
        ],
        [
          0,
          8
        ],
        [
          1,
          2
        ],
        [
          1,
          3
        ],
        [
          1,
          4
        ],
        [
          5,
          1
        ],
        [
          6,
          1
        ],
        [
          1,
          7
        ],
        [
          8,
          1
        ],
        [
          2,
          3
        ],
        [
          2,
          4
        ],
        [
          2,
          5
        ],
        [
          2,
          6
        ],
        [
          7,
          2
        ],
        [
          2,
          8
        ],
        [
          3,
          4
        ],
        [
          3,
          5
        ],
        [
          3,
          6
        ],
        [
          3,
          7
        ],
        [
          3,
          8
        ],
        [
          4,
          5
        ],
        [
          4,
          6
        ],
        [
          7,
          4
        ],
        [
          8,
          4
        ],
        [
          5,
          6
        ],
        [
          5,
          7
        ],
        [
          5,
          8
        ],
        [
          6,
          7
        ],
        [
          8,
          6
        ],
        [
          7,
          8
        ]
      ],
      "min_cert_order": 9
    },
    {
      "arcs": [
        [
          0,
          1
        ],
        [
          0,
          2
        ],
        [
          0,
          3
        ],
        [
          4,
          0
        ],
        [
          0,
          5
        ],
        [
          6,
          0
        ],
        [
          7,
          0
        ],
        [
          8,
          0
        ],
        [
          1,
          2
        ],
        [
          1,
          3
        ],
        [
          1,
          4
        ],
        [
          5,
          1
        ],
        [
          1,
          6
        ],
        [
          7,
          1
        ],
        [
          1,
          8
        ],
        [
          2,
          3
        ],
        [
          2,
          4
        ],
        [
          2,
          5
        ],
        [
          6,
          2
        ],
        [
          2,
          7
        ],
        [
          8,
          2
        ],
        [
          3,
          4
        ],
        [
          3,
          5
        ],
        [
          3,
          6
        ],
        [
          7,
          3
        ],
        [
          3,
          8
        ],
        [
          4,
          5
        ],
        [
          4,
          6
        ],
        [
          4,
          7
        ],
        [
          8,
          4
        ],
        [
          5,
          6
        ],
        [
          5,
          7
        ],
        [
          5,
          8
        ],
        [
          6,
          7
        ],
        [
          6,
          8
        ],
        [
          7,
          8
        ]
      ],
      "min_cert_order": 9
    },
    {
      "arcs": [
        [
          0,
          1
        ],
        [
          0,
          2
        ],
        [
          0,
          3
        ],
        [
          4,
          0
        ],
        [
          0,
          5
        ],
        [
          6,
          0
        ],
        [
          7,
          0
        ],
        [
          0,
          8
        ],
        [
          1,
          2
        ],
        [
          1,
          3
        ],
        [
          1,
          4
        ],
        [
          5,
          1
        ],
        [
          1,
          6
        ],
        [
          7,
          1
        ],
        [
          8,
          1
        ],
        [
          2,
          3
        ],
        [
          2,
          4
        ],
        [
          2,
          5
        ],
        [
          6,
          2
        ],
        [
          2,
          7
        ],
        [
          2,
          8
        ],
        [
          3,
          4
        ],
        [
          3,
          5
        ],
        [
          3,
          6
        ],
        [
          7,
          3
        ],
        [
          3,
          8
        ],
        [
          4,
          5
        ],
        [
          4,
          6
        ],
        [
          4,
          7
        ],
        [
          8,
          4
        ],
        [
          5,
          6
        ],
        [
          5,
          7
        ],
        [
          8,
          5
        ],
        [
          6,
          7
        ],
        [
          6,
          8
        ],
        [
          7,
          8
        ]
      ],
      "min_cert_order": 9
    },
    {
      "arcs": [
        [
          0,
          1
        ],
        [
          0,
          2
        ],
        [
          0,
          3
        ],
        [
          4,
          0
        ],
        [
          0,
          5
        ],
        [
          6,
          0
        ],
        [
          7,
          0
        ],
        [
          8,
          0
        ],
        [
          1,
          2
        ],
        [
          1,
          3
        ],
        [
          1,
          4
        ],
        [
          5,
          1
        ],
        [
          1,
          6
        ],
        [
          7,
          1
        ],
        [
          8,
          1
        ],
        [
          2,
          3
        ],
        [
          2,
          4
        ],
        [
          2,
          5
        ],
        [
          6,
          2
        ],
        [
          2,
          7
        ],
        [
          8,
          2
        ],
        [
          3,
          4
        ],
        [
          3,
          5
        ],
        [
          3,
          6
        ],
        [
          7,
          3
        ],
        [
          3,
          8
        ],
        [
          4,
          5
        ],
        [
          4,
          6
        ],
        [
          4,
          7
        ],
        [
          8,
          4
        ],
        [
          5,
          6
        ],
        [
          5,
          7
        ],
        [
          5,
          8
        ],
        [
          6,
          7
        ],
        [
          6,
          8
        ],
        [
          7,
          8
        ]
      ],
      "min_cert_order": 9
    },
    {
      "arcs": [
        [
          0,
          1
        ],
        [
          0,
          2
        ],
        [
          0,
          3
        ],
        [
          4,
          0
        ],
        [
          0,
          5
        ],
        [
          6,
          0
        ],
        [
          7,
          0
        ],
        [
          8,
          0
        ],
        [
          1,
          2
        ],
        [
          1,
          3
        ],
        [
          1,
          4
        ],
        [
          5,
          1
        ],
        [
          1,
          6
        ],
        [
          7,
          1
        ],
        [
          1,
          8
        ],
        [
          2,
          3
        ],
        [
          2,
          4
        ],
        [
          2,
          5
        ],
        [
          2,
          6
        ],
        [
          7,
          2
        ],
        [
          8,
          2
        ],
        [
          3,
          4
        ],
        [
          3,
          5
        ],
        [
          6,
          3
        ],
        [
          3,
          7
        ],
        [
          3,
          8
        ],
        [
          4,
          5
        ],
        [
          4,
          6
        ],
        [
          4,
          7
        ],
        [
          8,
          4
        ],
        [
          5,
          6
        ],
        [
          5,
          7
        ],
        [
          5,
          8
        ],
        [
          6,
          7
        ],
        [
          6,
          8
        ],
        [
          7,
          8
        ]
      ],
      "min_cert_order": 9
    },
    {
      "arcs": [
        [
          0,
          1
        ],
        [
          0,
          2
        ],
        [
          0,
          3
        ],
        [
          4,
          0
        ],
        [
          0,
          5
        ],
        [
          6,
          0
        ],
        [
          7,
          0
        ],
        [
          0,
          8
        ],
        [
          1,
          2
        ],
        [
          1,
          3
        ],
        [
          1,
          4
        ],
        [
          5,
          1
        ],
        [
          1,
          6
        ],
        [
          7,
          1
        ],
        [
          8,
          1
        ],
        [
          2,
          3
        ],
        [
          2,
          4
        ],
        [
          2,
          5
        ],
        [
          2,
          6
        ],
        [
          7,
          2
        ],
        [
          2,
          8
        ],
        [
          3,
          4
        ],
        [
          3,
          5
        ],
        [
          6,
          3
        ],
        [
          3,
          7
        ],
        [
          3,
          8
        ],
        [
          4,
          5
        ],
        [
          4,
          6
        ],
        [
          4,
          7
        ],
        [
          8,
          4
        ],
        [
          5,
          6
        ],
        [
          5,
          7
        ],
        [
          8,
          5
        ],
        [
          6,
          7
        ],
        [
          6,
          8
        ],
        [
          7,
          8
        ]
      ],
      "min_cert_order": 9
    },
    {
      "arcs": [
        [
          0,
          1
        ],
        [
          0,
          2
        ],
        [
          0,
          3
        ],
        [
          4,
          0
        ],
        [
          0,
          5
        ],
        [
          6,
          0
        ],
        [
          7,
          0
        ],
        [
          8,
          0
        ],
        [
          1,
          2
        ],
        [
          1,
          3
        ],
        [
          1,
          4
        ],
        [
          5,
          1
        ],
        [
          1,
          6
        ],
        [
          1,
          7
        ],
        [
          8,
          1
        ],
        [
          2,
          3
        ],
        [
          2,
          4
        ],
        [
          2,
          5
        ],
        [
          2,
          6
        ],
        [
          7,
          2
        ],
        [
          2,
          8
        ],
        [
          3,
          4
        ],
        [
          3,
          5
        ],
        [
          6,
          3
        ],
        [
          3,
          7
        ],
        [
          3,
          8
        ],
        [
          4,
          5
        ],
        [
          4,
          6
        ],
        [
          7,
          4
        ],
        [
          4,
          8
        ],
        [
          5,
          6
        ],
        [
          5,
          7
        ],
        [
          5,
          8
        ],
        [
          6,
          7
        ],
        [
          6,
          8
        ],
        [
          7,
          8
        ]
      ],
      "min_cert_order": 9
    },
    {
      "arcs": [
        [
          0,
          1
        ],
        [
          0,
          2
        ],
        [
          0,
          3
        ],
        [
          4,
          0
        ],
        [
          0,
          5
        ],
        [
          6,
          0
        ],
        [
          7,
          0
        ],
        [
          8,
          0
        ],
        [
          1,
          2
        ],
        [
          1,
          3
        ],
        [
          1,
          4
        ],
        [
          5,
          1
        ],
        [
          1,
          6
        ],
        [
          1,
          7
        ],
        [
          8,
          1
        ],
        [
          2,
          3
        ],
        [
          2,
          4
        ],
        [
          2,
          5
        ],
        [
          2,
          6
        ],
        [
          7,
          2
        ],
        [
          8,
          2
        ],
        [
          3,
          4
        ],
        [
          3,
          5
        ],
        [
          6,
          3
        ],
        [
          3,
          7
        ],
        [
          3,
          8
        ],
        [
          4,
          5
        ],
        [
          4,
          6
        ],
        [
          7,
          4
        ],
        [
          4,
          8
        ],
        [
          5,
          6
        ],
        [
          5,
          7
        ],
        [
          5,
          8
        ],
        [
          6,
          7
        ],
        [
          6,
          8
        ],
        [
          7,
          8
        ]
      ],
      "min_cert_order": 9
    }
  ],
  "whole_examples": [
    {
      "arcs": [
        [
          0,
          1
        ],
        [
          0,
          2
        ],
        [
          0,
          3
        ],
        [
          4,
          0
        ],
        [
          0,
          5
        ],
        [
          6,
          0
        ],
        [
          7,
          0
        ],
        [
          8,
          0
        ],
        [
          1,
          2
        ],
        [
          1,
          3
        ],
        [
          1,
          4
        ],
        [
          5,
          1
        ],
        [
          6,
          1
        ],
        [
          1,
          7
        ],
        [
          8,
          1
        ],
        [
          2,
          3
        ],
        [
          2,
          4
        ],
        [
          2,
          5
        ],
        [
          2,
          6
        ],
        [
          7,
          2
        ],
        [
          2,
          8
        ],
        [
          3,
          4
        ],
        [
          3,
          5
        ],
        [
          3,
          6
        ],
        [
          3,
          7
        ],
        [
          3,
          8
        ],
        [
          4,
          5
        ],
        [
          4,
          6
        ],
        [
          7,
          4
        ],
        [
          8,
          4
        ],
        [
          5,
          6
        ],
        [
          5,
          7
        ],
        [
          5,
          8
        ],
        [
          6,
          7
        ],
        [
          6,
          8
        ],
        [
          7,
          8
        ]
      ],
      "min_cert_order": 9
    },
    {
      "arcs": [
        [
          0,
          1
        ],
        [
          0,
          2
        ],
        [
          0,
          3
        ],
        [
          4,
          0
        ],
        [
          0,
          5
        ],
        [
          6,
          0
        ],
        [
          7,
          0
        ],
        [
          8,
          0
        ],
        [
          1,
          2
        ],
        [
          1,
          3
        ],
        [
          1,
          4
        ],
        [
          5,
          1
        ],
        [
          6,
          1
        ],
        [
          1,
          7
        ],
        [
          1,
          8
        ],
        [
          2,
          3
        ],
        [
          2,
          4
        ],
        [
          2,
          5
        ],
        [
          2,
          6
        ],
        [
          7,
          2
        ],
        [
          2,
          8
        ],
        [
          3,
          4
        ],
        [
          3,
          5
        ],
        [
          3,
          6
        ],
        [
          3,
          7
        ],
        [
          8,
          3
        ],
        [
          4,
          5
        ],
        [
          4,
          6
        ],
        [
          7,
          4
        ],
        [
          4,
          8
        ],
        [
          5,
          6
        ],
        [
          5,
          7
        ],
        [
          5,
          8
        ],
        [
          6,
          7
        ],
        [
          8,
          6
        ],
        [
          7,
          8
        ]
      ],
      "min_cert_order": 9
    },
    {
      "arcs": [
        [
          0,
          1
        ],
        [
          0,
          2
        ],
        [
          0,
          3
        ],
        [
          4,
          0
        ],
        [
          0,
          5
        ],
        [
          6,
          0
        ],
        [
          7,
          0
        ],
        [
          0,
          8
        ],
        [
          1,
          2
        ],
        [
          1,
          3
        ],
        [
          1,
          4
        ],
        [
          5,
          1
        ],
        [
          6,
          1
        ],
        [
          1,
          7
        ],
        [
          8,
          1
        ],
        [
          2,
          3
        ],
        [
          2,
          4
        ],
        [
          2,
          5
        ],
        [
          2,
          6
        ],
        [
          7,
          2
        ],
        [
          2,
          8
        ],
        [
          3,
          4
        ],
        [
          3,
          5
        ],
        [
          3,
          6
        ],
        [
          3,
          7
        ],
        [
          3,
          8
        ],
        [
          4,
          5
        ],
        [
          4,
          6
        ],
        [
          7,
          4
        ],
        [
          8,
          4
        ],
        [
          5,
          6
        ],
        [
          5,
          7
        ],
        [
          5,
          8
        ],
        [
          6,
          7
        ],
        [
          8,
          6
        ],
        [
          7,
          8
        ]
      ],
      "min_cert_order": 9
    },
    {
      "arcs": [
        [
          0,
          1
        ],
        [
          0,
          2
        ],
        [
          0,
          3
        ],
        [
          4,
          0
        ],
        [
          0,
          5
        ],
        [
          6,
          0
        ],
        [
          7,
          0
        ],
        [
          8,
          0
        ],
        [
          1,
          2
        ],
        [
          1,
          3
        ],
        [
          1,
          4
        ],
        [
          5,
          1
        ],
        [
          1,
          6
        ],
        [
          7,
          1
        ],
        [
          1,
          8
        ],
        [
          2,
          3
        ],
        [
          2,
          4
        ],
        [
          2,
          5
        ],
        [
          6,
          2
        ],
        [
          2,
          7
        ],
        [
          8,
          2
        ],
        [
          3,
          4
        ],
        [
          3,
          5
        ],
        [
          3,
          6
        ],
        [
          7,
          3
        ],
        [
          3,
          8
        ],
        [
          4,
          5
        ],
        [
          4,
          6
        ],
        [
          4,
          7
        ],
        [
          8,
          4
        ],
        [
          5,
          6
        ],
        [
          5,
          7
        ],
        [
          5,
          8
        ],
        [
          6,
          7
        ],
        [
          6,
          8
        ],
        [
          7,
          8
        ]
      ],
      "min_cert_order": 9
    },
    {
      "arcs": [
        [
          0,
          1
        ],
        [
          0,
          2
        ],
        [
          0,
          3
        ],
        [
          4,
          0
        ],
        [
          0,
          5
        ],
        [
          6,
          0
        ],
        [
          7,
          0
        ],
        [
          0,
          8
        ],
        [
          1,
          2
        ],
        [
          1,
          3
        ],
        [
          1,
          4
        ],
        [
          5,
          1
        ],
        [
          1,
          6
        ],
        [
          7,
          1
        ],
        [
          8,
          1
        ],
        [
          2,
          3
        ],
        [
          2,
          4
        ],
        [
          2,
          5
        ],
        [
          6,
          2
        ],
        [
          2,
          7
        ],
        [
          2,
          8
        ],
        [
          3,
          4
        ],
        [
          3,
          5
        ],
        [
          3,
          6
        ],
        [
          7,
          3
        ],
        [
          3,
          8
        ],
        [
          4,
          5
        ],
        [
          4,
          6
        ],
        [
          4,
          7
        ],
        [
          8,
          4
        ],
        [
          5,
          6
        ],
        [
          5,
          7
        ],
        [
          8,
          5
        ],
        [
          6,
          7
        ],
        [
          6,
          8
        ],
        [
          7,
          8
        ]
      ],
      "min_cert_order": 9
    },
    {
      "arcs": [
        [
          0,
          1
        ],
        [
          0,
          2
        ],
        [
          0,
          3
        ],
        [
          4,
          0
        ],
        [
          0,
          5
        ],
        [
          6,
          0
        ],
        [
          7,
          0
        ],
        [
          8,
          0
        ],
        [
          1,
          2
        ],
        [
          1,
          3
        ],
        [
          1,
          4
        ],
        [
          5,
          1
        ],
        [
          1,
          6
        ],
        [
          7,
          1
        ],
        [
          8,
          1
        ],
        [
          2,
          3
        ],
        [
          2,
          4
        ],
        [
          2,
          5
        ],
        [
          6,
          2
        ],
        [
          2,
          7
        ],
        [
          8,
          2
        ],
        [
          3,
          4
        ],
        [
          3,
          5
        ],
        [
          3,
          6
        ],
        [
          7,
          3
        ],
        [
          3,
          8
        ],
        [
          4,
          5
        ],
        [
          4,
          6
        ],
        [
          4,
          7
        ],
        [
          8,
          4
        ],
        [
          5,
          6
        ],
        [
          5,
          7
        ],
        [
          5,
          8
        ],
        [
          6,
          7
        ],
        [
          6,
          8
        ],
        [
          7,
          8
        ]
      ],
      "min_cert_order": 9
    },
    {
      "arcs": [
        [
          0,
          1
        ],
        [
          0,
          2
        ],
        [
          0,
          3
        ],
        [
          4,
          0
        ],
        [
          0,
          5
        ],
        [
          6,
          0
        ],
        [
          7,
          0
        ],
        [
          8,
          0
        ],
        [
          1,
          2
        ],
        [
          1,
          3
        ],
        [
          1,
          4
        ],
        [
          5,
          1
        ],
        [
          1,
          6
        ],
        [
          7,
          1
        ],
        [
          1,
          8
        ],
        [
          2,
          3
        ],
        [
          2,
          4
        ],
        [
          2,
          5
        ],
        [
          2,
          6
        ],
        [
          7,
          2
        ],
        [
          8,
          2
        ],
        [
          3,
          4
        ],
        [
          3,
          5
        ],
        [
          6,
          3
        ],
        [
          3,
          7
        ],
        [
          3,
          8
        ],
        [
          4,
          5
        ],
        [
          4,
          6
        ],
        [
          4,
          7
        ],
        [
          8,
          4
        ],
        [
          5,
          6
        ],
        [
          5,
          7
        ],
        [
          5,
          8
        ],
        [
          6,
          7
        ],
        [
          6,
          8
        ],
        [
          7,
          8
        ]
      ],
      "min_cert_order": 9
    },
    {
      "arcs": [
        [
          0,
          1
        ],
        [
          0,
          2
        ],
        [
          0,
          3
        ],
        [
          4,
          0
        ],
        [
          0,
          5
        ],
        [
          6,
          0
        ],
        [
          7,
          0
        ],
        [
          0,
          8
        ],
        [
          1,
          2
        ],
        [
          1,
          3
        ],
        [
          1,
          4
        ],
        [
          5,
          1
        ],
        [
          1,
          6
        ],
        [
          7,
          1
        ],
        [
          8,
          1
        ],
        [
          2,
          3
        ],
        [
          2,
          4
        ],
        [
          2,
          5
        ],
        [
          2,
          6
        ],
        [
          7,
          2
        ],
        [
          2,
          8
        ],
        [
          3,
          4
        ],
        [
          3,
          5
        ],
        [
          6,
          3
        ],
        [
          3,
          7
        ],
        [
          3,
          8
        ],
        [
          4,
          5
        ],
        [
          4,
          6
        ],
        [
          4,
          7
        ],
        [
          8,
          4
        ],
        [
          5,
          6
        ],
        [
          5,
          7
        ],
        [
          8,
          5
        ],
        [
          6,
          7
        ],
        [
          6,
          8
        ],
        [
          7,
          8
        ]
      ],
      "min_cert_order": 9
    },
    {
      "arcs": [
        [
          0,
          1
        ],
        [
          0,
          2
        ],
        [
          0,
          3
        ],
        [
          4,
          0
        ],
        [
          0,
          5
        ],
        [
          6,
          0
        ],
        [
          7,
          0
        ],
        [
          8,
          0
        ],
        [
          1,
          2
        ],
        [
          1,
          3
        ],
        [
          1,
          4
        ],
        [
          5,
          1
        ],
        [
          1,
          6
        ],
        [
          1,
          7
        ],
        [
          8,
          1
        ],
        [
          2,
          3
        ],
        [
          2,
          4
        ],
        [
          2,
          5
        ],
        [
          2,
          6
        ],
        [
          7,
          2
        ],
        [
          2,
          8
        ],
        [
          3,
          4
        ],
        [
          3,
          5
        ],
        [
          6,
          3
        ],
        [
          3,
          7
        ],
        [
          3,
          8
        ],
        [
          4,
          5
        ],
        [
          4,
          6
        ],
        [
          7,
          4
        ],
        [
          4,
          8
        ],
        [
          5,
          6
        ],
        [
          5,
          7
        ],
        [
          5,
          8
        ],
        [
          6,
          7
        ],
        [
          6,
          8
        ],
        [
          7,
          8
        ]
      ],
      "min_cert_order": 9
    },
    {
      "arcs": [
        [
          0,
          1
        ],
        [
          0,
          2
        ],
        [
          0,
          3
        ],
        [
          4,
          0
        ],
        [
          0,
          5
        ],
        [
          6,
          0
        ],
        [
          7,
          0
        ],
        [
          8,
          0
        ],
        [
          1,
          2
        ],
        [
          1,
          3
        ],
        [
          1,
          4
        ],
        [
          5,
          1
        ],
        [
          1,
          6
        ],
        [
          1,
          7
        ],
        [
          8,
          1
        ],
        [
          2,
          3
        ],
        [
          2,
          4
        ],
        [
          2,
          5
        ],
        [
          2,
          6
        ],
        [
          7,
          2
        ],
        [
          8,
          2
        ],
        [
          3,
          4
        ],
        [
          3,
          5
        ],
        [
          6,
          3
        ],
        [
          3,
          7
        ],
        [
          3,
          8
        ],
        [
          4,
          5
        ],
        [
          4,
          6
        ],
        [
          7,
          4
        ],
        [
          4,
          8
        ],
        [
          5,
          6
        ],
        [
          5,
          7
        ],
        [
          5,
          8
        ],
        [
          6,
          7
        ],
        [
          6,
          8
        ],
        [
          7,
          8
        ]
      ],
      "min_cert_order": 9
    }
  ],
  "elapsed_s": 721.4
}
SAVED data/iso_critical_scan_n9.json
