Z(26) = 5148

Loaded 12 graphs.

idx   |V|    |E|  omega       Euler    PT(1/64)     BK(1/27.48)   cr(K_omega)        best   >= Z(26)?
-----------------------------------------------------------------------------------------------------
  1    51    649     25         502     1642.15         3824.52           150     3824.52          NO
  2    51    649     25         502     1642.15         3824.52           150     3824.52          NO
  3    51    649     25         502     1642.15         3824.52           150     3824.52          NO
  4    51    649     25         502     1642.15         3824.52           150     3824.52          NO
  5    51    649     25         502     1642.15         3824.52           150     3824.52          NO
  6    51    649     25         502     1642.15         3824.52           150     3824.52          NO
  7    51    649     25         502     1642.15         3824.52           150     3824.52          NO
  8    51    649     25         502     1642.15         3824.52           150     3824.52          NO
  9    51    649     25         502     1642.15         3824.52           150     3824.52          NO
 10    51    649     25         502     1642.15         3824.52           150     3824.52          NO
 11    51    649     25         502     1642.15         3824.52           150     3824.52          NO
 12    51    649     25         502     1642.15         3824.52           150     3824.52          NO

Certified cr(G) >= Z(26) = 5148: 0 / 12.
Best certified bound across the family: 3824.52
Gap to Z(26):                            1323.48
Ratio (best / Z(26)):                    0.7429
